[2026-05-20T03:32:04.811Z] MongoDB Connection Failed: Could not connect to any servers in your MongoDB Atlas cluster. One common reason is that you're trying to access the database from an IP that isn't whitelisted. Make sure your current IP address is on your Atlas cluster's IP whitelist: https://www.mongodb.com/docs/atlas/security-whitelist/
Stack: MongooseServerSelectionError: Could not connect to any servers in your MongoDB Atlas cluster. One common reason is that you're trying to access the database from an IP that isn't whitelisted. Make sure your current IP address is on your Atlas cluster's IP whitelist: https://www.mongodb.com/docs/atlas/security-whitelist/
    at _handleConnectionErrors (C:\Users\pc\Downloads\New folder (3)\dating-app\server\node_modules\mongoose\lib\connection.js:1169:11)
    at NativeConnection.openUri (C:\Users\pc\Downloads\New folder (3)\dating-app\server\node_modules\mongoose\lib\connection.js:1100:11)
    at async connectDB (C:\Users\pc\Downloads\New folder (3)\dating-app\server\config\db.js:14:5)

[2026-05-20T03:56:07.967Z] MongoDB Connection Failed: Could not connect to any servers in your MongoDB Atlas cluster. One common reason is that you're trying to access the database from an IP that isn't whitelisted. Make sure your current IP address is on your Atlas cluster's IP whitelist: https://www.mongodb.com/docs/atlas/security-whitelist/
Stack: MongooseServerSelectionError: Could not connect to any servers in your MongoDB Atlas cluster. One common reason is that you're trying to access the database from an IP that isn't whitelisted. Make sure your current IP address is on your Atlas cluster's IP whitelist: https://www.mongodb.com/docs/atlas/security-whitelist/
    at _handleConnectionErrors (C:\Users\pc\Downloads\New folder (3)\dating-app\server\node_modules\mongoose\lib\connection.js:1169:11)
    at NativeConnection.openUri (C:\Users\pc\Downloads\New folder (3)\dating-app\server\node_modules\mongoose\lib\connection.js:1100:11)
    at async connectDB (C:\Users\pc\Downloads\New folder (3)\dating-app\server\config\db.js:14:5)

[2026-05-20T04:15:51.653Z] MongoDB Connection Failed: Could not connect to any servers in your MongoDB Atlas cluster. One common reason is that you're trying to access the database from an IP that isn't whitelisted. Make sure your current IP address is on your Atlas cluster's IP whitelist: https://www.mongodb.com/docs/atlas/security-whitelist/
Stack: MongooseServerSelectionError: Could not connect to any servers in your MongoDB Atlas cluster. One common reason is that you're trying to access the database from an IP that isn't whitelisted. Make sure your current IP address is on your Atlas cluster's IP whitelist: https://www.mongodb.com/docs/atlas/security-whitelist/
    at _handleConnectionErrors (C:\Users\pc\Downloads\New folder (3)\dating-app\server\node_modules\mongoose\lib\connection.js:1169:11)
    at NativeConnection.openUri (C:\Users\pc\Downloads\New folder (3)\dating-app\server\node_modules\mongoose\lib\connection.js:1100:11)
    at async connectDB (C:\Users\pc\Downloads\New folder (3)\dating-app\server\config\db.js:14:5)

[2026-05-20T04:36:07.701Z] MongoDB Connection Failed: Could not connect to any servers in your MongoDB Atlas cluster. One common reason is that you're trying to access the database from an IP that isn't whitelisted. Make sure your current IP address is on your Atlas cluster's IP whitelist: https://www.mongodb.com/docs/atlas/security-whitelist/
Stack: MongooseServerSelectionError: Could not connect to any servers in your MongoDB Atlas cluster. One common reason is that you're trying to access the database from an IP that isn't whitelisted. Make sure your current IP address is on your Atlas cluster's IP whitelist: https://www.mongodb.com/docs/atlas/security-whitelist/
    at _handleConnectionErrors (C:\Users\pc\Downloads\New folder (3)\dating-app\server\node_modules\mongoose\lib\connection.js:1169:11)
    at NativeConnection.openUri (C:\Users\pc\Downloads\New folder (3)\dating-app\server\node_modules\mongoose\lib\connection.js:1100:11)
    at async connectDB (C:\Users\pc\Downloads\New folder (3)\dating-app\server\config\db.js:16:5)

